// Jest Snapshot v1, https://goo.gl/fbAQLP

exports[`Body Container should render correctly Should renders correctly 1`] = `
<main
  className="makeStyles-content-2"
>
  <div
    className="makeStyles-appBarSpacer-1"
  />
  <WithStyles(ForwardRef(Container))
    className="makeStyles-container-3"
    maxWidth="lg"
  >
    <WithStyles(ForwardRef(Grid))
      container={true}
      spacing={3}
    >
      <WithStyles(ForwardRef(Grid))
        item={true}
        xs={12}
      >
        <WithStyles(ForwardRef(Typography))
          className="makeStyles-title-4"
          component="h1"
          variant="h3"
        >
          Title
        </WithStyles(ForwardRef(Typography))>
      </WithStyles(ForwardRef(Grid))>
      <WithStyles(ForwardRef(Grid))
        id="body-wrapper"
        item={true}
        xs={12}
      >
        <div>
          Test
        </div>
      </WithStyles(ForwardRef(Grid))>
    </WithStyles(ForwardRef(Grid))>
  </WithStyles(ForwardRef(Container))>
</main>
`;
