// Jest Snapshot v1, https://goo.gl/fbAQLP

exports[`Services should render correctly Should renders correctly 1`] = `
<WithStyles(ForwardRef(Grid))
  container={true}
>
  <WithStyles(ForwardRef(Grid))
    item={true}
    xs={12}
  >
    <SearchFilter
      handleChangeSearch={[Function]}
      searchValue=""
    />
  </WithStyles(ForwardRef(Grid))>
  <WithStyles(ForwardRef(Grid))
    container={true}
    item={true}
    xs={12}
  >
    <ServiceItem
      description="Site constructor"
      key="Sitecostructor.io"
      link="https://sitecostructor.io/?p=itpaycodes"
      promocode="itpaycodes"
      title="Sitecostructor.io"
    />
    <ServiceItem
      description="SDK"
      key="Appvision.com"
      link="http://appvision.com/+itpaycodes"
      promocode="itpaycodes"
      title="Appvision.com"
    />
    <ServiceItem
      description="Analytics"
      key="Analytics.com"
      link="https://www.analytics.com/?ref=itpaycodes"
      promocode="itpaycodes"
      title="Analytics.com"
    />
    <ServiceItem
      description="Logos"
      key="Logotype"
      link="https://www.logotype.design/"
      promocode="itpaycodes"
      title="Logotype"
    />
    <ServiceItem
      description="SSL"
      key="Certificates"
      link="https://www.certificates.com/ssl-certificate/"
      promocode="itpaycodes"
      title="Certificates"
    />
    <ServiceItem
      description="SEO"
      key="Seorank.com"
      link="https://seorank.com/"
      promocode="itpaycodes"
      title="Seorank.com"
    />
    <ServiceItem
      description="Marketing"
      key="marke.com"
      link="http://marketing.com/"
      promocode="itpaycodes"
      title="marke.com"
    />
    <ServiceItem
      description="Hosting"
      key="Major.com"
      link="https://www.hosting.com/"
      promocode="itpaycodes"
      title="Major.com"
    />
    <ServiceItem
      description="Web sites"
      key="Setup.com"
      link="http://www.setup.com/instructions/promocode"
      promocode="itpaycodes"
      title="Setup.com"
    />
    <ServiceItem
      description="Analytics"
      key="topvisor.com"
      link="https://topvisor.com/promo/itpaycodes/"
      promocode="itpaycodes"
      title="topvisor.com"
    />
    <ServiceItem
      description="SEO"
      key="seopult.com"
      link="https://promopult.com/"
      promocode="itpaycodes"
      title="seopult.com"
    />
    <ServiceItem
      description="Emails"
      key="sendpulse.com"
      link="https://sendpulse.com/"
      promocode="itpaycodes"
      title="sendpulse.com"
    />
    <ServiceItem
      description="Content marketing"
      key="Turbotext.com"
      link="http://turbotext.com/"
      promocode="itpaycodes"
      title="Turbotext.com"
    />
    <ServiceItem
      description="Widgets"
      key="Witget.com"
      link="https://witget.com/?partner=itpaycodes"
      promocode="itpaycodes"
      title="Witget.com"
    />
    <ServiceItem
      description="Analytics"
      key="Spywords.com"
      link="http://spywords.com"
      promocode="itpaycodes"
      title="Spywords.com"
    />
    <ServiceItem
      description="Content Marketing"
      key="Etxt.com"
      link="https://www.etxt.com/"
      promocode="itpaycodes"
      title="Etxt.com"
    />
    <ServiceItem
      description="Analytics"
      key="Serpstat.com"
      link="https://analytics.com"
      promocode="itpaycodes"
      title="Serpstat.com"
    />
    <ServiceItem
      description="Hosting"
      key="webhost.com"
      link="https://webhost.com/"
      promocode="itpaycodes"
      title="webhost.com"
    />
    <ServiceItem
      description="Email marketing"
      key="Unisender.com"
      link="https://www.unisender.com"
      promocode="itpaycodes"
      title="Unisender.com"
    />
    <ServiceItem
      description="Advertisment"
      key="getuniq.com"
      link="http://itpaycodes.getuniq.com"
      promocode="itpaycodes"
      title="getuniq.com"
    />
  </WithStyles(ForwardRef(Grid))>
</WithStyles(ForwardRef(Grid))>
`;
